E0620 23:55:03.975242  927369 numa_hwloc.cc:121] Call to hwloc_set_cpubind() failed: Invalid argument [22]
E0620 23:55:03.975269  927370 numa_hwloc.cc:121] Call to hwloc_set_cpubind() failed: Invalid argument [22]
E0620 23:55:03.975215  927368 numa_hwloc.cc:121] Call to hwloc_set_cpubind() failed: Invalid argument [22]
E0620 23:55:03.975573  927371 numa_hwloc.cc:121] Call to hwloc_set_cpubind() failed: Invalid argument [22]
E0620 23:55:03.975634  927372 numa_hwloc.cc:121] Call to hwloc_set_cpubind() failed: Invalid argument [22]
E0620 23:55:03.975656  927373 numa_hwloc.cc:121] Call to hwloc_set_cpubind() failed: Invalid argument [22]
E0620 23:55:03.975984  927374 numa_hwloc.cc:121] Call to hwloc_set_cpubind() failed: Invalid argument [22]
E0620 23:55:03.976016  927375 numa_hwloc.cc:121] Call to hwloc_set_cpubind() failed: Invalid argument [22]
E0620 23:55:03.976047  927376 numa_hwloc.cc:121] Call to hwloc_set_cpubind() failed: Invalid argument [22]
E0620 23:55:03.976379  927377 numa_hwloc.cc:121] Call to hwloc_set_cpubind() failed: Invalid argument [22]
E0620 23:55:03.976419  927378 numa_hwloc.cc:121] Call to hwloc_set_cpubind() failed: Invalid argument [22]
E0620 23:55:03.976459  927379 numa_hwloc.cc:121] Call to hwloc_set_cpubind() failed: Invalid argument [22]
[CudaDevice(id=0), CudaDevice(id=1), CudaDevice(id=2), CudaDevice(id=3)]
[CudaDevice(id=0), CudaDevice(id=1), CudaDevice(id=2), CudaDevice(id=3)]
[CudaDevice(id=0), CudaDevice(id=1), CudaDevice(id=2), CudaDevice(id=3)]
[CudaDevice(id=0), CudaDevice(id=1), CudaDevice(id=2), CudaDevice(id=3)]
[mem_saver] Multi-GPU sharding enabled across 4 devices.
Precomputing for m22=55, R_bin=1000...
Loading precomputed R_j_r from /rds/general/user/jd925/home/PhD_first_year/jaxsp/Adding_stellar_masses/precomputed_wf/precomputed_R_j_r_m22_55_rbins_1000.npz...
Precomputing for m22=60, R_bin=1000...
Initializing density parameters...
Initializing potential parameters...
Initializing eigenstate library...
Initializing wavefunction parameters...
E0621 00:54:04.658828  926680 gpu_cudamallocasync_allocator.cc:359] gpu_async_0 cuMemAllocAsync failed to allocate 1056463872 bytes: RESOURCE_EXHAUSTED: : CUDA_ERROR_OUT_OF_MEMORY: out of memory
 Reported by CUDA: Free memory/Total memory: 907018240/25189679104
E0621 00:54:04.658909  926680 gpu_cudamallocasync_allocator.cc:364] Stats: Limit:                              0B
InUse:                        22.27GiB
MaxInUse:                     22.27GiB
NumAllocs:                         857
MaxAllocSize:                  7.87GiB
Reserved:                           0B
PeakReserved:                       0B
LargestFreeBlock:                   0B

E0621 00:54:04.658932  926680 gpu_cudamallocasync_allocator.cc:68] Histogram of current allocation: (allocation_size_in_bytes, nb_allocation_of_that_sizes), ...;
E0621 00:54:04.658934  926680 gpu_cudamallocasync_allocator.cc:71] 8, 77
E0621 00:54:04.658936  926680 gpu_cudamallocasync_allocator.cc:71] 48, 1
E0621 00:54:04.658938  926680 gpu_cudamallocasync_allocator.cc:71] 1024, 7
E0621 00:54:04.658939  926680 gpu_cudamallocasync_allocator.cc:71] 2048, 2
E0621 00:54:04.658941  926680 gpu_cudamallocasync_allocator.cc:71] 4112, 1
E0621 00:54:04.658942  926680 gpu_cudamallocasync_allocator.cc:71] 8253624, 1
E0621 00:54:04.658944  926680 gpu_cudamallocasync_allocator.cc:71] 132057984, 1
E0621 00:54:04.658945  926680 gpu_cudamallocasync_allocator.cc:71] 528231936, 1
E0621 00:54:04.658947  926680 gpu_cudamallocasync_allocator.cc:71] 1056463872, 22
E0621 00:54:04.658950  926680 gpu_cudamallocasync_allocator.cc:104] CU_MEMPOOL_ATTR_RESERVED_MEM_CURRENT: 24092082176
E0621 00:54:04.658951  926680 gpu_cudamallocasync_allocator.cc:106] CU_MEMPOOL_ATTR_USED_MEM_CURRENT: 23910764768
E0621 00:54:04.658953  926680 gpu_cudamallocasync_allocator.cc:107] CU_MEMPOOL_ATTR_RESERVED_MEM_HIGH: 24998051840
E0621 00:54:04.658954  926680 gpu_cudamallocasync_allocator.cc:108] CU_MEMPOOL_ATTR_USED_MEM_HIGH: 23910764768
Traceback (most recent call last):
  File "/rds/general/user/jd925/home/PhD_first_year/jaxsp/Adding_stellar_masses/Generating_m22_functions.py", line 141, in <module>
    wavefunction_params = jsp.init_wavefunction_params(eigenstate_lib, density_params, rmin, rmax, tol, sharding_manager=sm)
                          ^^^^^^^^^^^^^^^^^^^^^^^^^^^^^^^^^^^^^^^^^^^^^^^^^^^^^^^^^^^^^^^^^^^^^^^^^^^^^^^^^^^^^^^^^^^^^^^^^^
  File "/rds/general/user/jd925/home/PhD_first_year/jaxsp/Adding_stellar_masses/jaxsp/wavefunction.py", line 187, in init_wavefunction_params
    if state.error <= tol[checkpoint_idx]:
       ^^^^^^^^^^^^^^^^^^^^^^^^^^^^^^^^^^
  File "/rds/general/user/jd925/home/venvs/jaxsp_env/lib/python3.11/site-packages/jax/_src/array.py", line 296, in __bool__
    return bool(self._value)
                ^^^^^^^^^^^
  File "/rds/general/user/jd925/home/venvs/jaxsp_env/lib/python3.11/site-packages/jax/_src/profiler.py", line 427, in wrapper
    return func(*args, **kwargs)
           ^^^^^^^^^^^^^^^^^^^^^
  File "/rds/general/user/jd925/home/venvs/jaxsp_env/lib/python3.11/site-packages/jax/_src/array.py", line 614, in _value
    npy_value, did_copy = self._single_device_array_to_np_array_did_copy()
                          ^^^^^^^^^^^^^^^^^^^^^^^^^^^^^^^^^^^^^^^^^^^^^^^^
jax.errors.JaxRuntimeError: RESOURCE_EXHAUSTED: Out of memory while trying to allocate 1007.52MiB. [tf-allocator-allocation-error=''] [executable_name='jit_less_equal']

====================================
CPU Time used: 01:43:55
CPU Percent: 179%
Memory usage: 28604168kb
Approx Power usage: 0.0206
Walltime usage: 00:59:36

====================================
