E0726 23:43:25.192556 1751060 numa_hwloc.cc:121] Call to hwloc_set_cpubind() failed: Invalid argument [22]
[CudaDevice(id=0), CudaDevice(id=1)]
[CudaDevice(id=0), CudaDevice(id=1)]
[CudaDevice(id=0), CudaDevice(id=1)]
[CudaDevice(id=0), CudaDevice(id=1)]
[mem_saver] Multi-GPU sharding enabled across 2 devices.
Precomputing for m22=1, R_bin=1000...
Cache is v1 (float64, no embedded arrays); recomputing as v2...
Initializing density parameters...
Initializing potential parameters...
Initializing eigenstate library...
  eigenstate_lib.J=290, J % 2 devices = 0
Initializing wavefunction parameters...
Precomputing for m22=90, R_bin=1000...
Initializing density parameters...
Initializing potential parameters...
Initializing eigenstate library...
  eigenstate_lib.J=2321112, J % 2 devices = 0
Initializing wavefunction parameters...
Precomputing for m22=95, R_bin=1000...
Initializing density parameters...
Initializing potential parameters...
Initializing eigenstate library...
  eigenstate_lib.J=2585724, J % 2 devices = 0
Initializing wavefunction parameters...
